2026-07-02 13:00:02,194 - ERROR - Website check failed: HTTPConnectionPool(host='localhost', port=80): Max retries exceeded with url: /mywebsite/index.html (Caused by NewConnectionError("HTTPConnection(host='localhost', port=80): Failed to establish a new connection: [WinError 10061] No connection could be made because the target machine actively refused it"))
2026-07-02 13:04:24,161 - INFO - Website is UP. HTTP 200
2026-07-02 13:04:29,403 - INFO - ZIP backup created: C:\Users\subeh\Desktop\FinalProject_Network\backups\backup_2026-07-02_13-04-29.zip
2026-07-02 13:04:29,434 - INFO - FTP upload successful: C:\Users\subeh\Desktop\FinalProject_Network\backups\backup_2026-07-02_13-04-29.zip
2026-07-02 13:04:30,697 - ERROR - FTP upload failed: (535, b'5.7.8 Username and Password not accepted. For more information, go to\n5.7.8  https://support.google.com/mail/?p=BadCredentials 5b1f17b1804b1-493c6372a31sm38844895e9.13 - gsmtp')
2026-07-02 13:13:33,641 - INFO - Website is UP. HTTP 200
2026-07-02 13:13:37,442 - INFO - ZIP backup created: C:\Users\subeh\Desktop\FinalProject_Network\backups\backup_2026-07-02_13-13-37.zip
2026-07-02 13:13:37,463 - INFO - FTP upload successful: C:\Users\subeh\Desktop\FinalProject_Network\backups\backup_2026-07-02_13-13-37.zip
2026-07-02 13:13:39,016 - ERROR - FTP upload failed: (535, b'5.7.8 Username and Password not accepted. For more information, go to\n5.7.8  https://support.google.com/mail/?p=BadCredentials ffacd0b85a97d-477ddf0f433sm8495792f8f.32 - gsmtp')
2026-07-04 17:27:51,165 - INFO - Website is UP. HTTP 200
2026-07-04 17:27:53,955 - INFO - ZIP backup created: C:\Users\subeh\Desktop\FinalProject_Network\backups\backup_2026-07-04_17-27-53.zip
2026-07-04 17:27:55,978 - ERROR - FTP upload failed: [WinError 10061] No connection could be made because the target machine actively refused it
2026-07-04 17:41:17,905 - INFO - Website is UP. HTTP 200
2026-07-04 17:41:20,312 - INFO - ZIP backup created: C:\Users\subeh\Desktop\FinalProject_Network\backups\backup_2026-07-04_17-41-20.zip
2026-07-04 17:41:22,362 - ERROR - FTP upload failed: [WinError 10061] No connection could be made because the target machine actively refused it
2026-07-04 17:59:53,876 - INFO - Website is UP. HTTP 200
2026-07-04 17:59:55,598 - INFO - ZIP backup created: C:\Users\subeh\Desktop\FinalProject_Network\backups\backup_2026-07-04_17-59-55.zip
2026-07-04 17:59:55,607 - ERROR - FTP upload failed: 530 Login or password incorrect!
2026-07-04 18:03:18,829 - INFO - Website is UP. HTTP 200
2026-07-04 18:03:20,771 - INFO - ZIP backup created: C:\Users\subeh\Desktop\FinalProject_Network\backups\backup_2026-07-04_18-03-20.zip
2026-07-04 18:03:22,796 - ERROR - FTP upload failed: [WinError 10061] No connection could be made because the target machine actively refused it
2026-07-04 18:05:43,273 - INFO - Website is UP. HTTP 200
2026-07-04 18:05:44,805 - INFO - ZIP backup created: C:\Users\subeh\Desktop\FinalProject_Network\backups\backup_2026-07-04_18-05-44.zip
2026-07-04 18:05:46,836 - ERROR - FTP upload failed: [WinError 10061] No connection could be made because the target machine actively refused it
2026-07-04 22:23:34,203 - INFO - Website is UP. HTTP 200
2026-07-04 22:23:35,770 - INFO - ZIP backup created: C:\Users\subeh\Desktop\FinalProject_Network\backups\backup_2026-07-04_22-23-35.zip
2026-07-04 22:23:35,779 - INFO - FTP upload successful: C:\Users\subeh\Desktop\FinalProject_Network\backups\backup_2026-07-04_22-23-35.zip
2026-07-04 22:23:37,619 - ERROR - FTP upload failed: (535, b'5.7.8 Username and Password not accepted. For more information, go to\n5.7.8  https://support.google.com/mail/?p=BadCredentials 5b1f17b1804b1-493c63ba971sm368656195e9.13 - gsmtp')
2026-07-04 22:35:53,438 - INFO - Website is UP. HTTP 200
2026-07-04 22:35:55,454 - INFO - ZIP backup created: C:\Users\subeh\Desktop\FinalProject_Network\backups\backup_2026-07-04_22-35-55.zip
2026-07-04 22:35:55,482 - INFO - FTP upload successful: C:\Users\subeh\Desktop\FinalProject_Network\backups\backup_2026-07-04_22-35-55.zip
2026-07-04 22:41:07,866 - ERROR - Website check failed: HTTPConnectionPool(host='localhost', port=80): Max retries exceeded with url: /mywebsite/index.html (Caused by NewConnectionError("HTTPConnection(host='localhost', port=80): Failed to establish a new connection: [WinError 10061] No connection could be made because the target machine actively refused it"))
